D:\ra234-2013\lab3\implementation\system.ngc 1521541275
D:/ra234-2013/lab3/implementation/system_dip_switches_wrapper.ngc 1521541252
D:/ra234-2013/lab3/implementation/system_rs232_wrapper.ngc 1521541238
D:/ra234-2013/lab3/implementation/system_proc_sys_reset_0_wrapper.ngc 1521541170
D:/ra234-2013/lab3/implementation/system_clock_generator_0_wrapper.ngc 1521541262
D:/ra234-2013/lab3/implementation/system_microblaze_0_ilmb_wrapper.ngc 1521541254
D:/ra234-2013/lab3/implementation/system_microblaze_0_dlmb_wrapper.ngc 1521541257
D:/ra234-2013/lab3/implementation/system_axi4lite_0_wrapper.ngc 1521541265
D:/ra234-2013/lab3/implementation/system_microblaze_0_wrapper.ngc 1521541260
D:/ra234-2013/lab3/implementation/system_microblaze_0_i_bram_ctrl_wrapper.ngc 1521541178
D:/ra234-2013/lab3/implementation/system_microblaze_0_d_bram_ctrl_wrapper.ngc 1521541187
D:/ra234-2013/lab3/implementation/system_debug_module_wrapper.ngc 1521541221
D:/ra234-2013/lab3/implementation/system_leds_wrapper.ngc 1521541245
D:/ra234-2013/lab3/implementation/system_microblaze_0_bram_block_wrapper.ngc 1521541192
OK
